# job: jobs/0015-kalshi-horizon.sh
# commit: 01c1f72715d1f7007a5ed48850078c260a416979
# started: 2026-09-24T12:08:16Z
market columns: ['ticker', 'event_ticker', 'series', 'status', 'result', 'close_us', 'expected_expiration_us', 'latest_expiration_us', 'settlement_us', 'mve', 'price_ranges']
--- check against cells.csv, statistic A, all horizons: cat, bucket, clusters, contracts, mean_c, t
('Climate and Weather', 0, 278, 25889404.0, 0.797269835749685, 5.715054280487213)
('Entertainment', 0, 244, 14340657.0, 1.8206844504863735, 9.19678811736646)
('Entertainment', 1, 238, 2542107.0, 9.077524153703035, 7.196305657422011)
('Mentions', 1, 269, 7034324.0, 5.354825069922806, 3.202890649083183)
('Mentions', 2, 272, 9687336.0, 9.300749460876329, 6.0564468120005515)
('Politics', 0, 193, 7267200.0, 3.04083393159908, 9.078141853481618)
--- by horizon: cat, bucket, horizon, clusters, contracts, mean_c, t
('Climate and Weather', 0, '0-1h', 1, 5163.0, 1.0, None)
('Climate and Weather', 0, '1-6h', 160, 1074874.0, 0.8627193133391878, 6.068863776946305)
('Climate and Weather', 0, '168h+', 43, 257573.0, 2.900049477266311, 8.337984771253721)
('Climate and Weather', 0, '24-168h', 255, 3516288.0, 0.7189731072697012, 1.739734913438641)
('Climate and Weather', 0, '6-24h', 231, 21035507.0, 0.7812159462391163, 5.29762715712439)
('Entertainment', 0, '0-1h', 12, 356840.0, 1.5577360555231985, 5.2324787407980375)
('Entertainment', 0, '1-6h', 44, 916861.0, 2.1528580218030107, 6.97617587345234)
('Entertainment', 0, '168h+', 136, 1510467.0, 2.9395645380677604, 8.59049020443608)
('Entertainment', 0, '24-168h', 225, 7961948.0, 1.64325590341447, 5.247427066250761)
('Entertainment', 0, '6-24h', 180, 3594542.0, 1.6849005055861717, 10.572013186583264)
('Entertainment', 1, '0-1h', 4, 27790.0, 18.2276637823763, 130.78615895773692)
('Entertainment', 1, '1-6h', 16, 149814.0, 18.38688282760734, 11.96034237777476)
('Entertainment', 1, '168h+', 151, 547673.0, 6.438446554354705, 3.1614071374450106)
('Entertainment', 1, '24-168h', 220, 1335947.0, 8.986212973706715, 5.188088453357696)
('Entertainment', 1, '6-24h', 124, 480883.0, 8.907801957194174, 3.2599789589785693)
('Mentions', 1, '0-1h', 26, 39565.0, -5.172913733707058, -0.467535587316026)
('Mentions', 1, '1-6h', 158, 2877855.0, 2.318920271615545, 0.7144467152425635)
('Mentions', 1, '168h+', 95, 162508.0, 12.802673432777935, 5.260455461091273)
('Mentions', 1, '24-168h', 261, 1227636.0, 6.251851193676383, 3.572440516387452)
('Mentions', 1, '6-24h', 232, 2726760.0, 7.863980309465824, 4.395748483294299)
('Mentions', 2, '0-1h', 16, 45740.0, -3.699886859650208, -0.3484194235699769)
('Mentions', 2, '1-6h', 160, 3762257.0, 9.346342992128912, 3.463746343585514)
('Mentions', 2, '168h+', 123, 252907.0, 12.923113199657775, 3.793802586295522)
('Mentions', 2, '24-168h', 262, 1724588.0, 7.905234925125543, 4.002036966407239)
('Mentions', 2, '6-24h', 239, 3901844.0, 9.791203526298396, 5.050490830273195)
('Politics', 0, '0-1h', 4, 8507.0, 1.2627426777873783, 3.4268804226143668)
('Politics', 0, '1-6h', 43, 243216.0, 1.747284076350365, 15.866773730486507)
('Politics', 0, '168h+', 85, 3355895.0, 3.3274362341308548, 5.505877997370515)
('Politics', 0, '24-168h', 166, 2479155.0, 2.879476973611995, 7.468612181121055)
('Politics', 0, '6-24h', 111, 1180428.0, 2.844260131098085, 7.431160773732237)
--- pooled over the six cells, by horizon
('0-1h', 44, 483603.0, 1.4565870095714106, 0.6578563961352668)
('1-6h', 412, 9024877.0, 5.309505404998756, 3.0124550229430023)
('168h+', 417, 6087022.0, 4.144663923841218, 9.456370449189034)
('24-168h', 922, 18245562.0, 3.072729826514068, 7.492662831157235)
('6-24h', 769, 32919963.0, 2.727150861057053, 6.000569115667472)
# exit: 0
